 * Serving Flask app 'server'
 * Debug mode: on
WARNING: This is a development server. Do not use it in a production deployment. Use a production WSGI server instead.
 * Running on all addresses (0.0.0.0)
 * Running on http://127.0.0.1:5000
 * Running on http://192.168.1.6:5000
Press CTRL+C to quit
 * Restarting with stat
 * Debugger is active!
 * Debugger PIN: 201-502-187
 * Detected change in 'E:\\contant\\program\\tik tok\\streak_bot.py', reloading
 * Restarting with stat
 * Debugger is active!
 * Debugger PIN: 201-502-187
 * Detected change in 'E:\\contant\\program\\tik tok\\server.py', reloading
 * Restarting with stat
 * Debugger is active!
 * Debugger PIN: 201-502-187
 * Detected change in 'E:\\contant\\program\\tik tok\\start_tunnel.py', reloading
 * Restarting with stat
 * Debugger is active!
 * Debugger PIN: 201-502-187
